
*** crates/rcx-registry-skills/src/lock.rs:69:9: replace SkillLock::from_json -> Result<Self, SkillsError> with Ok(Default::default())

*** mutation diff:
--- crates/rcx-registry-skills/src/lock.rs
+++ replace SkillLock::from_json -> Result<Self, SkillsError> with Ok(Default::default())
@@ -61,19 +61,17 @@
     pub computed_hash: String,
 }
 
 impl SkillLock {
     /// Parse and validate. Validation is not optional here — an entry whose hash is
     /// malformed can never match a real digest, so accepting it would push a
     /// guaranteed failure to fetch time and report it as a content mismatch.
     pub fn from_json(raw: &str) -> Result<Self, SkillsError> {
-        let lock: Self = serde_json::from_str(raw)?;
-        lock.validate()?;
-        Ok(lock)
+        Ok(Default::default()) /* ~ changed by cargo-mutants ~ */
     }
 
     /// Serialise in the canonical on-disk form: 2-space indent, sorted keys,
     /// trailing newline.
     pub fn to_json(&self) -> Result<String, SkillsError> {
         let mut out = serde_json::to_string_pretty(self)?;
         out.push('\n');
         Ok(out)


*** /home/myles/.rustup/toolchains/1.93.0-x86_64-unknown-linux-gnu/bin/cargo test --no-run --verbose --package=rcx-registry-skills@0.1.0
       Fresh unicode-ident v1.0.24
       Fresh shlex v1.3.0
       Fresh stable_deref_trait v1.2.1
       Fresh find-msvc-tools v0.1.9
       Fresh cfg-if v1.0.4
       Fresh itoa v1.0.18
       Fresh proc-macro2 v1.0.106
       Fresh cc v1.2.60
       Fresh bytes v1.11.1
       Fresh pin-project-lite v0.2.17
       Fresh version_check v0.9.5
       Fresh futures-core v0.3.32
       Fresh zeroize v1.8.2
       Fresh futures-sink v0.3.32
       Fresh fnv v1.0.7
       Fresh smallvec v1.15.1
       Fresh litemap v0.8.2
       Fresh memchr v2.8.0
       Fresh writeable v0.6.3
       Fresh typenum v1.20.0
       Fresh utf8_iter v1.0.4
       Fresh once_cell v1.21.4
       Fresh subtle v2.6.1
       Fresh untrusted v0.9.0
       Fresh percent-encoding v2.3.2
       Fresh quote v1.0.45
       Fresh libc v0.2.185
       Fresh http v1.3.1
       Fresh rustls-pki-types v1.14.0
       Fresh futures-task v0.3.32
       Fresh semver v1.0.28
       Fresh futures-io v0.3.32
       Fresh slab v0.4.12
       Fresh equivalent v1.0.2
       Fresh tower-service v0.3.3
       Fresh hashbrown v0.17.0
       Fresh try-lock v0.2.5
       Fresh ryu v1.0.23
       Fresh futures-channel v0.3.32
       Fresh tracing-core v0.1.36
       Fresh atomic-waker v1.1.2
       Fresh syn v2.0.117
       Fresh mio v1.2.0
       Fresh socket2 v0.6.3
       Fresh getrandom v0.2.17
       Fresh http-body v1.0.1
       Fresh serde_core v1.0.228
       Fresh icu_properties_data v2.2.0
       Fresh futures-util v0.3.32
       Fresh icu_normalizer_data v2.2.0
       Fresh rustc_version v0.4.1
       Fresh indexmap v2.14.0
       Fresh want v0.3.1
       Fresh cpufeatures v0.2.17
       Fresh tracing v0.1.41
       Fresh form_urlencoded v1.2.2
       Fresh sync_wrapper v1.0.2
       Fresh tower-layer v0.3.3
       Fresh signature v2.2.0
       Fresh ipnet v2.12.0
       Fresh synstructure v0.13.2
       Fresh zerovec-derive v0.11.3
       Fresh displaydoc v0.2.5
       Fresh generic-array v0.14.7
       Fresh tokio v1.52.1
       Fresh serde_derive v1.0.228
       Fresh ring v0.17.14
       Fresh httparse v1.10.1
       Fresh curve25519-dalek-derive v0.1.1
       Fresh base64 v0.22.1
       Fresh thiserror-impl v2.0.12
       Fresh ed25519 v2.2.3
       Fresh webpki-roots v1.0.7
       Fresh bitflags v2.11.1
       Fresh arrayvec v0.7.6
       Fresh arrayref v0.3.9
       Fresh iri-string v0.7.12
       Fresh constant_time_eq v0.3.1
       Fresh http-body-util v0.1.3
       Fresh half v2.4.1
       Fresh unsafe-libyaml v0.2.11
       Fresh zerofrom-derive v0.1.7
       Fresh yoke-derive v0.8.2
       Fresh serde v1.0.228
       Fresh block-buffer v0.10.4
       Fresh crypto-common v0.1.7
       Fresh rustls-webpki v0.103.12
       Fresh hyper v1.9.0
       Fresh tower v0.5.2
       Fresh blake3 v1.5.1
       Fresh thiserror v2.0.12
       Fresh hex v0.4.3
       Fresh log v0.4.29
       Fresh zerofrom v0.1.7
       Fresh digest v0.10.7
       Fresh rustls v0.23.38
       Fresh hyper-util v0.1.20
       Fresh serde_json v1.0.139
       Fresh tower-http v0.6.8
       Fresh serde_urlencoded v0.7.1
       Fresh serde_yaml v0.9.34+deprecated
       Fresh yoke v0.8.2
       Fresh tokio-rustls v0.26.4
       Fresh sha2 v0.10.9
       Fresh curve25519-dalek v4.1.3
       Fresh zerovec v0.11.6
       Fresh zerotrie v0.2.4
       Fresh hyper-rustls v0.27.9
       Fresh ed25519-dalek v2.1.1
       Fresh tinystr v0.8.3
       Fresh potential_utf v0.1.5
       Fresh rcx-registry-crown v0.1.0 (/tmp/cargo-mutants-unified-skills-m4-SWwMCN.tmp/crates/rcx-registry-crown)
       Fresh icu_locale_core v2.2.0
       Fresh icu_collections v2.2.0
       Fresh icu_provider v2.2.0
       Fresh icu_normalizer v2.2.0
       Fresh icu_properties v2.2.0
       Fresh idna_adapter v1.2.1
       Fresh idna v1.1.0
       Fresh url v2.5.4
       Fresh reqwest v0.12.28
       Dirty rcx-registry-skills v0.1.0 (/tmp/cargo-mutants-unified-skills-m4-SWwMCN.tmp/crates/rcx-registry-skills): the file `crates/rcx-registry-skills/src/fetch.rs` has changed (1786219808.342685694s, 1s after last build at 1786219807.659684872s)
   Compiling rcx-registry-skills v0.1.0 (/tmp/cargo-mutants-unified-skills-m4-SWwMCN.tmp/crates/rcx-registry-skills)
     Running `/home/myles/.rustup/toolchains/1.93.0-x86_64-unknown-linux-gnu/bin/rustc --crate-name rcx_registry_skills --edition=2021 crates/rcx-registry-skills/src/lib.rs --error-format=json --json=diagnostic-rendered-ansi,artifacts,future-incompat --emit=dep-info,link -C embed-bitcode=no -C debuginfo=2 --test --check-cfg 'cfg(docsrs,test)' --check-cfg 'cfg(feature, values())' -C metadata=2e6646de4ed339eb -C extra-filename=-3107ac08ad7c479f --out-dir /tmp/cargo-mutants-unified-skills-m4-SWwMCN.tmp/target/debug/deps -C incremental=/tmp/cargo-mutants-unified-skills-m4-SWwMCN.tmp/target/debug/incremental -L dependency=/tmp/cargo-mutants-unified-skills-m4-SWwMCN.tmp/target/debug/deps --extern ed25519_dalek=/tmp/cargo-mutants-unified-skills-m4-SWwMCN.tmp/target/debug/deps/libed25519_dalek-70de15d1aeaaa0f5.rlib --extern rcx_registry_crown=/tmp/cargo-mutants-unified-skills-m4-SWwMCN.tmp/target/debug/deps/librcx_registry_crown-3672d7444462e740.rlib --extern reqwest=/tmp/cargo-mutants-unified-skills-m4-SWwMCN.tmp/target/debug/deps/libreqwest-2baf3e79fe44868d.rlib --extern serde=/tmp/cargo-mutants-unified-skills-m4-SWwMCN.tmp/target/debug/deps/libserde-3f292ac2dddda487.rlib --extern serde_json=/tmp/cargo-mutants-unified-skills-m4-SWwMCN.tmp/target/debug/deps/libserde_json-7fd61e939d1c4003.rlib --extern serde_yaml=/tmp/cargo-mutants-unified-skills-m4-SWwMCN.tmp/target/debug/deps/libserde_yaml-5b5d0904a2972f2c.rlib --extern sha2=/tmp/cargo-mutants-unified-skills-m4-SWwMCN.tmp/target/debug/deps/libsha2-b402ed9f1be72e5c.rlib --extern thiserror=/tmp/cargo-mutants-unified-skills-m4-SWwMCN.tmp/target/debug/deps/libthiserror-f696602292a77e2a.rlib -L native=/tmp/cargo-mutants-unified-skills-m4-SWwMCN.tmp/target/debug/build/blake3-c34afcd10fcfdfe4/out -L native=/tmp/cargo-mutants-unified-skills-m4-SWwMCN.tmp/target/debug/build/blake3-c34afcd10fcfdfe4/out -L native=/tmp/cargo-mutants-unified-skills-m4-SWwMCN.tmp/target/debug/build/ring-99691a876bfcb1b3/out`
     Running `/home/myles/.rustup/toolchains/1.93.0-x86_64-unknown-linux-gnu/bin/rustc --crate-name rcx_registry_skills --edition=2021 crates/rcx-registry-skills/src/lib.rs --error-format=json --json=diagnostic-rendered-ansi,artifacts,future-incompat --crate-type lib --emit=dep-info,metadata,link -C embed-bitcode=no -C debuginfo=2 --check-cfg 'cfg(docsrs,test)' --check-cfg 'cfg(feature, values())' -C metadata=2d0c907b8870c8fb -C extra-filename=-9917f32bc589d82d --out-dir /tmp/cargo-mutants-unified-skills-m4-SWwMCN.tmp/target/debug/deps -C incremental=/tmp/cargo-mutants-unified-skills-m4-SWwMCN.tmp/target/debug/incremental -L dependency=/tmp/cargo-mutants-unified-skills-m4-SWwMCN.tmp/target/debug/deps --extern rcx_registry_crown=/tmp/cargo-mutants-unified-skills-m4-SWwMCN.tmp/target/debug/deps/librcx_registry_crown-3672d7444462e740.rmeta --extern reqwest=/tmp/cargo-mutants-unified-skills-m4-SWwMCN.tmp/target/debug/deps/libreqwest-2baf3e79fe44868d.rmeta --extern serde=/tmp/cargo-mutants-unified-skills-m4-SWwMCN.tmp/target/debug/deps/libserde-3f292ac2dddda487.rmeta --extern serde_json=/tmp/cargo-mutants-unified-skills-m4-SWwMCN.tmp/target/debug/deps/libserde_json-7fd61e939d1c4003.rmeta --extern serde_yaml=/tmp/cargo-mutants-unified-skills-m4-SWwMCN.tmp/target/debug/deps/libserde_yaml-5b5d0904a2972f2c.rmeta --extern sha2=/tmp/cargo-mutants-unified-skills-m4-SWwMCN.tmp/target/debug/deps/libsha2-b402ed9f1be72e5c.rmeta --extern thiserror=/tmp/cargo-mutants-unified-skills-m4-SWwMCN.tmp/target/debug/deps/libthiserror-f696602292a77e2a.rmeta -L native=/tmp/cargo-mutants-unified-skills-m4-SWwMCN.tmp/target/debug/build/blake3-c34afcd10fcfdfe4/out -L native=/tmp/cargo-mutants-unified-skills-m4-SWwMCN.tmp/target/debug/build/blake3-c34afcd10fcfdfe4/out -L native=/tmp/cargo-mutants-unified-skills-m4-SWwMCN.tmp/target/debug/build/ring-99691a876bfcb1b3/out`
error[E0277]: the trait bound `SkillLock: Default` is not satisfied
  --> crates/rcx-registry-skills/src/lock.rs:69:12
   |
69 |         Ok(Default::default()) /* ~ changed by cargo-mutants ~ */
   |            ^^^^^^^^^^^^^^^^^^ the trait `Default` is not implemented for `SkillLock`
   |
help: consider annotating `SkillLock` with `#[derive(Default)]`
   |
33 + #[derive(Default)]
34 | pub struct SkillLock {
   |

For more information about this error, try `rustc --explain E0277`.
error: could not compile `rcx-registry-skills` (lib) due to 1 previous error

Caused by:
  process didn't exit successfully: `/home/myles/.rustup/toolchains/1.93.0-x86_64-unknown-linux-gnu/bin/rustc --crate-name rcx_registry_skills --edition=2021 crates/rcx-registry-skills/src/lib.rs --error-format=json --json=diagnostic-rendered-ansi,artifacts,future-incompat --crate-type lib --emit=dep-info,metadata,link -C embed-bitcode=no -C debuginfo=2 --check-cfg 'cfg(docsrs,test)' --check-cfg 'cfg(feature, values())' -C metadata=2d0c907b8870c8fb -C extra-filename=-9917f32bc589d82d --out-dir /tmp/cargo-mutants-unified-skills-m4-SWwMCN.tmp/target/debug/deps -C incremental=/tmp/cargo-mutants-unified-skills-m4-SWwMCN.tmp/target/debug/incremental -L dependency=/tmp/cargo-mutants-unified-skills-m4-SWwMCN.tmp/target/debug/deps --extern rcx_registry_crown=/tmp/cargo-mutants-unified-skills-m4-SWwMCN.tmp/target/debug/deps/librcx_registry_crown-3672d7444462e740.rmeta --extern reqwest=/tmp/cargo-mutants-unified-skills-m4-SWwMCN.tmp/target/debug/deps/libreqwest-2baf3e79fe44868d.rmeta --extern serde=/tmp/cargo-mutants-unified-skills-m4-SWwMCN.tmp/target/debug/deps/libserde-3f292ac2dddda487.rmeta --extern serde_json=/tmp/cargo-mutants-unified-skills-m4-SWwMCN.tmp/target/debug/deps/libserde_json-7fd61e939d1c4003.rmeta --extern serde_yaml=/tmp/cargo-mutants-unified-skills-m4-SWwMCN.tmp/target/debug/deps/libserde_yaml-5b5d0904a2972f2c.rmeta --extern sha2=/tmp/cargo-mutants-unified-skills-m4-SWwMCN.tmp/target/debug/deps/libsha2-b402ed9f1be72e5c.rmeta --extern thiserror=/tmp/cargo-mutants-unified-skills-m4-SWwMCN.tmp/target/debug/deps/libthiserror-f696602292a77e2a.rmeta -L native=/tmp/cargo-mutants-unified-skills-m4-SWwMCN.tmp/target/debug/build/blake3-c34afcd10fcfdfe4/out -L native=/tmp/cargo-mutants-unified-skills-m4-SWwMCN.tmp/target/debug/build/blake3-c34afcd10fcfdfe4/out -L native=/tmp/cargo-mutants-unified-skills-m4-SWwMCN.tmp/target/debug/build/ring-99691a876bfcb1b3/out` (exit status: 1)
warning: build failed, waiting for other jobs to finish...
error[E0277]: the trait bound `lock::SkillLock: Default` is not satisfied
  --> crates/rcx-registry-skills/src/lock.rs:69:12
   |
69 |         Ok(Default::default()) /* ~ changed by cargo-mutants ~ */
   |            ^^^^^^^^^^^^^^^^^^ the trait `Default` is not implemented for `lock::SkillLock`
   |
help: consider annotating `lock::SkillLock` with `#[derive(Default)]`
   |
33 + #[derive(Default)]
34 | pub struct SkillLock {
   |

error: could not compile `rcx-registry-skills` (lib test) due to 1 previous error

Caused by:
  process didn't exit successfully: `/home/myles/.rustup/toolchains/1.93.0-x86_64-unknown-linux-gnu/bin/rustc --crate-name rcx_registry_skills --edition=2021 crates/rcx-registry-skills/src/lib.rs --error-format=json --json=diagnostic-rendered-ansi,artifacts,future-incompat --emit=dep-info,link -C embed-bitcode=no -C debuginfo=2 --test --check-cfg 'cfg(docsrs,test)' --check-cfg 'cfg(feature, values())' -C metadata=2e6646de4ed339eb -C extra-filename=-3107ac08ad7c479f --out-dir /tmp/cargo-mutants-unified-skills-m4-SWwMCN.tmp/target/debug/deps -C incremental=/tmp/cargo-mutants-unified-skills-m4-SWwMCN.tmp/target/debug/incremental -L dependency=/tmp/cargo-mutants-unified-skills-m4-SWwMCN.tmp/target/debug/deps --extern ed25519_dalek=/tmp/cargo-mutants-unified-skills-m4-SWwMCN.tmp/target/debug/deps/libed25519_dalek-70de15d1aeaaa0f5.rlib --extern rcx_registry_crown=/tmp/cargo-mutants-unified-skills-m4-SWwMCN.tmp/target/debug/deps/librcx_registry_crown-3672d7444462e740.rlib --extern reqwest=/tmp/cargo-mutants-unified-skills-m4-SWwMCN.tmp/target/debug/deps/libreqwest-2baf3e79fe44868d.rlib --extern serde=/tmp/cargo-mutants-unified-skills-m4-SWwMCN.tmp/target/debug/deps/libserde-3f292ac2dddda487.rlib --extern serde_json=/tmp/cargo-mutants-unified-skills-m4-SWwMCN.tmp/target/debug/deps/libserde_json-7fd61e939d1c4003.rlib --extern serde_yaml=/tmp/cargo-mutants-unified-skills-m4-SWwMCN.tmp/target/debug/deps/libserde_yaml-5b5d0904a2972f2c.rlib --extern sha2=/tmp/cargo-mutants-unified-skills-m4-SWwMCN.tmp/target/debug/deps/libsha2-b402ed9f1be72e5c.rlib --extern thiserror=/tmp/cargo-mutants-unified-skills-m4-SWwMCN.tmp/target/debug/deps/libthiserror-f696602292a77e2a.rlib -L native=/tmp/cargo-mutants-unified-skills-m4-SWwMCN.tmp/target/debug/build/blake3-c34afcd10fcfdfe4/out -L native=/tmp/cargo-mutants-unified-skills-m4-SWwMCN.tmp/target/debug/build/blake3-c34afcd10fcfdfe4/out -L native=/tmp/cargo-mutants-unified-skills-m4-SWwMCN.tmp/target/debug/build/ring-99691a876bfcb1b3/out` (exit status: 1)

*** result: Failure(101)
