
*** crates/rcx-registry-skills/src/sign.rs:150:5: replace verify_lock_receipt -> Result<(), SkillsError> with Ok(())

*** mutation diff:
--- crates/rcx-registry-skills/src/sign.rs
+++ replace verify_lock_receipt -> Result<(), SkillsError> with Ok(())
@@ -142,45 +142,10 @@
 /// *this* lockfile. Verifying only the signature would accept a validly signed
 /// receipt for a different set of skills — the substitution a lockfile signature
 /// exists to prevent.
 pub fn verify_lock_receipt(
     lock: &SkillLock,
     receipt: &SkillSnapshotReceipt,
     public_key: &[u8],
 ) -> Result<(), SkillsError> {
-    verify_receipt_signature(receipt, public_key).map_err(|error: CrownError| {
-        SkillsError::NotSignable {
-            reason: format!("receipt signature did not verify: {error}"),
-        }
-    })?;
-
-    let recomputed = lock_merkle_root(lock)?;
-    if recomputed != receipt.lock_merkle_root {
-        return Err(SkillsError::NotSignable {
-            reason: "receipt is validly signed but its Merkle root does not match this lockfile"
-                .to_string(),
-        });
-    }
-
-    // Split rather than `||`-joined: a combined condition is satisfied by either
-    // half, so a test that trips both at once never proves the other is checked.
-    // `cargo-mutants` flagged exactly that — flipping the `||` to `&&` survived the
-    // whole suite, because every case that changed the count also changed the root.
-    if u64::from(lock.version) != receipt.lock_version {
-        return Err(SkillsError::NotSignable {
-            reason: format!(
-                "receipt describes lock version {} but this lockfile is version {}",
-                receipt.lock_version, lock.version
-            ),
-        });
-    }
-    if lock.len() as u64 != receipt.skill_count {
-        return Err(SkillsError::NotSignable {
-            reason: format!(
-                "receipt describes {} skills but this lockfile has {}",
-                receipt.skill_count,
-                lock.len()
-            ),
-        });
-    }
-    Ok(())
+    Ok(()) /* ~ changed by cargo-mutants ~ */
 }


*** /home/myles/.rustup/toolchains/1.93.0-x86_64-unknown-linux-gnu/bin/cargo test --no-run --verbose --package=rcx-registry-skills@0.1.0
       Fresh unicode-ident v1.0.24
       Fresh shlex v1.3.0
       Fresh find-msvc-tools v0.1.9
       Fresh stable_deref_trait v1.2.1
       Fresh cfg-if v1.0.4
       Fresh itoa v1.0.18
       Fresh bytes v1.11.1
       Fresh pin-project-lite v0.2.17
       Fresh version_check v0.9.5
       Fresh futures-core v0.3.32
       Fresh zeroize v1.8.2
       Fresh futures-sink v0.3.32
       Fresh litemap v0.8.2
       Fresh memchr v2.8.0
       Fresh typenum v1.20.0
       Fresh smallvec v1.15.1
       Fresh fnv v1.0.7
       Fresh writeable v0.6.3
       Fresh utf8_iter v1.0.4
       Fresh once_cell v1.21.4
       Fresh proc-macro2 v1.0.106
       Fresh cc v1.2.60
       Fresh http v1.3.1
       Fresh subtle v2.6.1
       Fresh rustls-pki-types v1.14.0
       Fresh percent-encoding v2.3.2
       Fresh futures-io v0.3.32
       Fresh semver v1.0.28
       Fresh futures-task v0.3.32
       Fresh untrusted v0.9.0
       Fresh slab v0.4.12
       Fresh hashbrown v0.17.0
       Fresh tower-service v0.3.3
       Fresh try-lock v0.2.5
       Fresh ryu v1.0.23
       Fresh equivalent v1.0.2
       Fresh quote v1.0.45
       Fresh libc v0.2.185
       Fresh serde_core v1.0.228
       Fresh http-body v1.0.1
       Fresh rustc_version v0.4.1
       Fresh futures-util v0.3.32
       Fresh icu_properties_data v2.2.0
       Fresh indexmap v2.14.0
       Fresh want v0.3.1
       Fresh tracing-core v0.1.36
       Fresh futures-channel v0.3.32
       Fresh atomic-waker v1.1.2
       Fresh cpufeatures v0.2.17
       Fresh form_urlencoded v1.2.2
       Fresh sync_wrapper v1.0.2
       Fresh signature v2.2.0
       Fresh base64 v0.22.1
       Fresh tower-layer v0.3.3
       Fresh syn v2.0.117
       Fresh socket2 v0.6.3
       Fresh mio v1.2.0
       Fresh generic-array v0.14.7
       Fresh getrandom v0.2.17
       Fresh icu_normalizer_data v2.2.0
       Fresh httparse v1.10.1
       Fresh tracing v0.1.41
       Fresh ipnet v2.12.0
       Fresh ed25519 v2.2.3
       Fresh webpki-roots v1.0.7
       Fresh iri-string v0.7.12
       Fresh bitflags v2.11.1
       Fresh arrayvec v0.7.6
       Fresh arrayref v0.3.9
       Fresh constant_time_eq v0.3.1
       Fresh http-body-util v0.1.3
       Fresh half v2.4.1
       Fresh log v0.4.29
       Fresh hex v0.4.3
       Fresh synstructure v0.13.2
       Fresh zerovec-derive v0.11.3
       Fresh displaydoc v0.2.5
       Fresh tokio v1.52.1
       Fresh serde_derive v1.0.228
       Fresh ring v0.17.14
       Fresh block-buffer v0.10.4
       Fresh crypto-common v0.1.7
       Fresh curve25519-dalek-derive v0.1.1
       Fresh thiserror-impl v2.0.12
       Fresh blake3 v1.5.1
       Fresh unsafe-libyaml v0.2.11
       Fresh zerofrom-derive v0.1.7
       Fresh yoke-derive v0.8.2
       Fresh serde v1.0.228
       Fresh rustls-webpki v0.103.12
       Fresh digest v0.10.7
       Fresh hyper v1.9.0
       Fresh tower v0.5.2
       Fresh thiserror v2.0.12
       Fresh zerofrom v0.1.7
       Fresh rustls v0.23.38
       Fresh sha2 v0.10.9
       Fresh hyper-util v0.1.20
       Fresh serde_json v1.0.139
       Fresh curve25519-dalek v4.1.3
       Fresh tower-http v0.6.8
       Fresh serde_urlencoded v0.7.1
       Fresh serde_yaml v0.9.34+deprecated
       Fresh yoke v0.8.2
       Fresh tokio-rustls v0.26.4
       Fresh ed25519-dalek v2.1.1
       Fresh zerovec v0.11.6
       Fresh zerotrie v0.2.4
       Fresh hyper-rustls v0.27.9
       Fresh rcx-registry-crown v0.1.0 (/tmp/cargo-mutants-unified-skills-m4-TBeIB2.tmp/crates/rcx-registry-crown)
       Fresh tinystr v0.8.3
       Fresh potential_utf v0.1.5
       Fresh icu_locale_core v2.2.0
       Fresh icu_collections v2.2.0
       Fresh icu_provider v2.2.0
       Fresh icu_properties v2.2.0
       Fresh icu_normalizer v2.2.0
       Fresh idna_adapter v1.2.1
       Fresh idna v1.1.0
       Fresh url v2.5.4
       Fresh reqwest v0.12.28
       Dirty rcx-registry-skills v0.1.0 (/tmp/cargo-mutants-unified-skills-m4-TBeIB2.tmp/crates/rcx-registry-skills): the file `crates/rcx-registry-skills/src/sign.rs` has changed (1786219971.055300572s, 1s after last build at 1786219970.275198241s)
   Compiling rcx-registry-skills v0.1.0 (/tmp/cargo-mutants-unified-skills-m4-TBeIB2.tmp/crates/rcx-registry-skills)
     Running `/home/myles/.rustup/toolchains/1.93.0-x86_64-unknown-linux-gnu/bin/rustc --crate-name rcx_registry_skills --edition=2021 crates/rcx-registry-skills/src/lib.rs --error-format=json --json=diagnostic-rendered-ansi,artifacts,future-incompat --emit=dep-info,link -C embed-bitcode=no -C debuginfo=2 --test --check-cfg 'cfg(docsrs,test)' --check-cfg 'cfg(feature, values())' -C metadata=2e6646de4ed339eb -C extra-filename=-3107ac08ad7c479f --out-dir /tmp/cargo-mutants-unified-skills-m4-TBeIB2.tmp/target/debug/deps -C incremental=/tmp/cargo-mutants-unified-skills-m4-TBeIB2.tmp/target/debug/incremental -L dependency=/tmp/cargo-mutants-unified-skills-m4-TBeIB2.tmp/target/debug/deps --extern ed25519_dalek=/tmp/cargo-mutants-unified-skills-m4-TBeIB2.tmp/target/debug/deps/libed25519_dalek-70de15d1aeaaa0f5.rlib --extern rcx_registry_crown=/tmp/cargo-mutants-unified-skills-m4-TBeIB2.tmp/target/debug/deps/librcx_registry_crown-3672d7444462e740.rlib --extern reqwest=/tmp/cargo-mutants-unified-skills-m4-TBeIB2.tmp/target/debug/deps/libreqwest-2baf3e79fe44868d.rlib --extern serde=/tmp/cargo-mutants-unified-skills-m4-TBeIB2.tmp/target/debug/deps/libserde-3f292ac2dddda487.rlib --extern serde_json=/tmp/cargo-mutants-unified-skills-m4-TBeIB2.tmp/target/debug/deps/libserde_json-7fd61e939d1c4003.rlib --extern serde_yaml=/tmp/cargo-mutants-unified-skills-m4-TBeIB2.tmp/target/debug/deps/libserde_yaml-5b5d0904a2972f2c.rlib --extern sha2=/tmp/cargo-mutants-unified-skills-m4-TBeIB2.tmp/target/debug/deps/libsha2-b402ed9f1be72e5c.rlib --extern thiserror=/tmp/cargo-mutants-unified-skills-m4-TBeIB2.tmp/target/debug/deps/libthiserror-f696602292a77e2a.rlib -L native=/tmp/cargo-mutants-unified-skills-m4-TBeIB2.tmp/target/debug/build/blake3-c34afcd10fcfdfe4/out -L native=/tmp/cargo-mutants-unified-skills-m4-TBeIB2.tmp/target/debug/build/blake3-c34afcd10fcfdfe4/out -L native=/tmp/cargo-mutants-unified-skills-m4-TBeIB2.tmp/target/debug/build/ring-99691a876bfcb1b3/out`
     Running `/home/myles/.rustup/toolchains/1.93.0-x86_64-unknown-linux-gnu/bin/rustc --crate-name rcx_registry_skills --edition=2021 crates/rcx-registry-skills/src/lib.rs --error-format=json --json=diagnostic-rendered-ansi,artifacts,future-incompat --crate-type lib --emit=dep-info,metadata,link -C embed-bitcode=no -C debuginfo=2 --check-cfg 'cfg(docsrs,test)' --check-cfg 'cfg(feature, values())' -C metadata=2d0c907b8870c8fb -C extra-filename=-9917f32bc589d82d --out-dir /tmp/cargo-mutants-unified-skills-m4-TBeIB2.tmp/target/debug/deps -C incremental=/tmp/cargo-mutants-unified-skills-m4-TBeIB2.tmp/target/debug/incremental -L dependency=/tmp/cargo-mutants-unified-skills-m4-TBeIB2.tmp/target/debug/deps --extern rcx_registry_crown=/tmp/cargo-mutants-unified-skills-m4-TBeIB2.tmp/target/debug/deps/librcx_registry_crown-3672d7444462e740.rmeta --extern reqwest=/tmp/cargo-mutants-unified-skills-m4-TBeIB2.tmp/target/debug/deps/libreqwest-2baf3e79fe44868d.rmeta --extern serde=/tmp/cargo-mutants-unified-skills-m4-TBeIB2.tmp/target/debug/deps/libserde-3f292ac2dddda487.rmeta --extern serde_json=/tmp/cargo-mutants-unified-skills-m4-TBeIB2.tmp/target/debug/deps/libserde_json-7fd61e939d1c4003.rmeta --extern serde_yaml=/tmp/cargo-mutants-unified-skills-m4-TBeIB2.tmp/target/debug/deps/libserde_yaml-5b5d0904a2972f2c.rmeta --extern sha2=/tmp/cargo-mutants-unified-skills-m4-TBeIB2.tmp/target/debug/deps/libsha2-b402ed9f1be72e5c.rmeta --extern thiserror=/tmp/cargo-mutants-unified-skills-m4-TBeIB2.tmp/target/debug/deps/libthiserror-f696602292a77e2a.rmeta -L native=/tmp/cargo-mutants-unified-skills-m4-TBeIB2.tmp/target/debug/build/blake3-c34afcd10fcfdfe4/out -L native=/tmp/cargo-mutants-unified-skills-m4-TBeIB2.tmp/target/debug/build/blake3-c34afcd10fcfdfe4/out -L native=/tmp/cargo-mutants-unified-skills-m4-TBeIB2.tmp/target/debug/build/ring-99691a876bfcb1b3/out`
warning: unused imports: `CrownError` and `verify_receipt_signature`
  --> crates/rcx-registry-skills/src/sign.rs:21:46
   |
21 |     canonicalize_json, snapshot_merkle_root, verify_receipt_signature, CrownError, ReceiptDocument,
   |                                              ^^^^^^^^^^^^^^^^^^^^^^^^  ^^^^^^^^^^
   |
   = note: `#[warn(unused_imports)]` (part of `#[warn(unused)]`) on by default

warning: unused variable: `lock`
   --> crates/rcx-registry-skills/src/sign.rs:146:5
    |
146 |     lock: &SkillLock,
    |     ^^^^ help: if this is intentional, prefix it with an underscore: `_lock`
    |
    = note: `#[warn(unused_variables)]` (part of `#[warn(unused)]`) on by default

warning: unused variable: `receipt`
   --> crates/rcx-registry-skills/src/sign.rs:147:5
    |
147 |     receipt: &SkillSnapshotReceipt,
    |     ^^^^^^^ help: if this is intentional, prefix it with an underscore: `_receipt`

warning: unused variable: `public_key`
   --> crates/rcx-registry-skills/src/sign.rs:148:5
    |
148 |     public_key: &[u8],
    |     ^^^^^^^^^^ help: if this is intentional, prefix it with an underscore: `_public_key`

warning: `rcx-registry-skills` (lib) generated 4 warnings (run `cargo fix --lib -p rcx-registry-skills` to apply 4 suggestions)
     Running `/home/myles/.rustup/toolchains/1.93.0-x86_64-unknown-linux-gnu/bin/rustc --crate-name relock_live --edition=2021 crates/rcx-registry-skills/tests/relock_live.rs --error-format=json --json=diagnostic-rendered-ansi,artifacts,future-incompat --emit=dep-info,link -C embed-bitcode=no -C debuginfo=2 --test --check-cfg 'cfg(docsrs,test)' --check-cfg 'cfg(feature, values())' -C metadata=59b73cbb0f7236f6 -C extra-filename=-c93b04c79a488cab --out-dir /tmp/cargo-mutants-unified-skills-m4-TBeIB2.tmp/target/debug/deps -C incremental=/tmp/cargo-mutants-unified-skills-m4-TBeIB2.tmp/target/debug/incremental -L dependency=/tmp/cargo-mutants-unified-skills-m4-TBeIB2.tmp/target/debug/deps --extern ed25519_dalek=/tmp/cargo-mutants-unified-skills-m4-TBeIB2.tmp/target/debug/deps/libed25519_dalek-70de15d1aeaaa0f5.rlib --extern rcx_registry_crown=/tmp/cargo-mutants-unified-skills-m4-TBeIB2.tmp/target/debug/deps/librcx_registry_crown-3672d7444462e740.rlib --extern rcx_registry_skills=/tmp/cargo-mutants-unified-skills-m4-TBeIB2.tmp/target/debug/deps/librcx_registry_skills-9917f32bc589d82d.rlib --extern reqwest=/tmp/cargo-mutants-unified-skills-m4-TBeIB2.tmp/target/debug/deps/libreqwest-2baf3e79fe44868d.rlib --extern serde=/tmp/cargo-mutants-unified-skills-m4-TBeIB2.tmp/target/debug/deps/libserde-3f292ac2dddda487.rlib --extern serde_json=/tmp/cargo-mutants-unified-skills-m4-TBeIB2.tmp/target/debug/deps/libserde_json-7fd61e939d1c4003.rlib --extern serde_yaml=/tmp/cargo-mutants-unified-skills-m4-TBeIB2.tmp/target/debug/deps/libserde_yaml-5b5d0904a2972f2c.rlib --extern sha2=/tmp/cargo-mutants-unified-skills-m4-TBeIB2.tmp/target/debug/deps/libsha2-b402ed9f1be72e5c.rlib --extern thiserror=/tmp/cargo-mutants-unified-skills-m4-TBeIB2.tmp/target/debug/deps/libthiserror-f696602292a77e2a.rlib -L native=/tmp/cargo-mutants-unified-skills-m4-TBeIB2.tmp/target/debug/build/blake3-c34afcd10fcfdfe4/out -L native=/tmp/cargo-mutants-unified-skills-m4-TBeIB2.tmp/target/debug/build/blake3-c34afcd10fcfdfe4/out -L native=/tmp/cargo-mutants-unified-skills-m4-TBeIB2.tmp/target/debug/build/ring-99691a876bfcb1b3/out`
     Running `/home/myles/.rustup/toolchains/1.93.0-x86_64-unknown-linux-gnu/bin/rustc --crate-name skill_uri --edition=2021 crates/rcx-registry-skills/tests/skill_uri.rs --error-format=json --json=diagnostic-rendered-ansi,artifacts,future-incompat --emit=dep-info,link -C embed-bitcode=no -C debuginfo=2 --test --check-cfg 'cfg(docsrs,test)' --check-cfg 'cfg(feature, values())' -C metadata=2fe7e226e15f7f19 -C extra-filename=-87a23946605edf3f --out-dir /tmp/cargo-mutants-unified-skills-m4-TBeIB2.tmp/target/debug/deps -C incremental=/tmp/cargo-mutants-unified-skills-m4-TBeIB2.tmp/target/debug/incremental -L dependency=/tmp/cargo-mutants-unified-skills-m4-TBeIB2.tmp/target/debug/deps --extern ed25519_dalek=/tmp/cargo-mutants-unified-skills-m4-TBeIB2.tmp/target/debug/deps/libed25519_dalek-70de15d1aeaaa0f5.rlib --extern rcx_registry_crown=/tmp/cargo-mutants-unified-skills-m4-TBeIB2.tmp/target/debug/deps/librcx_registry_crown-3672d7444462e740.rlib --extern rcx_registry_skills=/tmp/cargo-mutants-unified-skills-m4-TBeIB2.tmp/target/debug/deps/librcx_registry_skills-9917f32bc589d82d.rlib --extern reqwest=/tmp/cargo-mutants-unified-skills-m4-TBeIB2.tmp/target/debug/deps/libreqwest-2baf3e79fe44868d.rlib --extern serde=/tmp/cargo-mutants-unified-skills-m4-TBeIB2.tmp/target/debug/deps/libserde-3f292ac2dddda487.rlib --extern serde_json=/tmp/cargo-mutants-unified-skills-m4-TBeIB2.tmp/target/debug/deps/libserde_json-7fd61e939d1c4003.rlib --extern serde_yaml=/tmp/cargo-mutants-unified-skills-m4-TBeIB2.tmp/target/debug/deps/libserde_yaml-5b5d0904a2972f2c.rlib --extern sha2=/tmp/cargo-mutants-unified-skills-m4-TBeIB2.tmp/target/debug/deps/libsha2-b402ed9f1be72e5c.rlib --extern thiserror=/tmp/cargo-mutants-unified-skills-m4-TBeIB2.tmp/target/debug/deps/libthiserror-f696602292a77e2a.rlib -L native=/tmp/cargo-mutants-unified-skills-m4-TBeIB2.tmp/target/debug/build/blake3-c34afcd10fcfdfe4/out -L native=/tmp/cargo-mutants-unified-skills-m4-TBeIB2.tmp/target/debug/build/blake3-c34afcd10fcfdfe4/out -L native=/tmp/cargo-mutants-unified-skills-m4-TBeIB2.tmp/target/debug/build/ring-99691a876bfcb1b3/out`
     Running `/home/myles/.rustup/toolchains/1.93.0-x86_64-unknown-linux-gnu/bin/rustc --crate-name signing --edition=2021 crates/rcx-registry-skills/tests/signing.rs --error-format=json --json=diagnostic-rendered-ansi,artifacts,future-incompat --emit=dep-info,link -C embed-bitcode=no -C debuginfo=2 --test --check-cfg 'cfg(docsrs,test)' --check-cfg 'cfg(feature, values())' -C metadata=00b6d0541d26c176 -C extra-filename=-0eec55bbc20bcce8 --out-dir /tmp/cargo-mutants-unified-skills-m4-TBeIB2.tmp/target/debug/deps -C incremental=/tmp/cargo-mutants-unified-skills-m4-TBeIB2.tmp/target/debug/incremental -L dependency=/tmp/cargo-mutants-unified-skills-m4-TBeIB2.tmp/target/debug/deps --extern ed25519_dalek=/tmp/cargo-mutants-unified-skills-m4-TBeIB2.tmp/target/debug/deps/libed25519_dalek-70de15d1aeaaa0f5.rlib --extern rcx_registry_crown=/tmp/cargo-mutants-unified-skills-m4-TBeIB2.tmp/target/debug/deps/librcx_registry_crown-3672d7444462e740.rlib --extern rcx_registry_skills=/tmp/cargo-mutants-unified-skills-m4-TBeIB2.tmp/target/debug/deps/librcx_registry_skills-9917f32bc589d82d.rlib --extern reqwest=/tmp/cargo-mutants-unified-skills-m4-TBeIB2.tmp/target/debug/deps/libreqwest-2baf3e79fe44868d.rlib --extern serde=/tmp/cargo-mutants-unified-skills-m4-TBeIB2.tmp/target/debug/deps/libserde-3f292ac2dddda487.rlib --extern serde_json=/tmp/cargo-mutants-unified-skills-m4-TBeIB2.tmp/target/debug/deps/libserde_json-7fd61e939d1c4003.rlib --extern serde_yaml=/tmp/cargo-mutants-unified-skills-m4-TBeIB2.tmp/target/debug/deps/libserde_yaml-5b5d0904a2972f2c.rlib --extern sha2=/tmp/cargo-mutants-unified-skills-m4-TBeIB2.tmp/target/debug/deps/libsha2-b402ed9f1be72e5c.rlib --extern thiserror=/tmp/cargo-mutants-unified-skills-m4-TBeIB2.tmp/target/debug/deps/libthiserror-f696602292a77e2a.rlib -L native=/tmp/cargo-mutants-unified-skills-m4-TBeIB2.tmp/target/debug/build/blake3-c34afcd10fcfdfe4/out -L native=/tmp/cargo-mutants-unified-skills-m4-TBeIB2.tmp/target/debug/build/blake3-c34afcd10fcfdfe4/out -L native=/tmp/cargo-mutants-unified-skills-m4-TBeIB2.tmp/target/debug/build/ring-99691a876bfcb1b3/out`
     Running `/home/myles/.rustup/toolchains/1.93.0-x86_64-unknown-linux-gnu/bin/rustc --crate-name fetch_live --edition=2021 crates/rcx-registry-skills/tests/fetch_live.rs --error-format=json --json=diagnostic-rendered-ansi,artifacts,future-incompat --emit=dep-info,link -C embed-bitcode=no -C debuginfo=2 --test --check-cfg 'cfg(docsrs,test)' --check-cfg 'cfg(feature, values())' -C metadata=a2c702037cca9e8b -C extra-filename=-c28d1e30e8bc4a0a --out-dir /tmp/cargo-mutants-unified-skills-m4-TBeIB2.tmp/target/debug/deps -C incremental=/tmp/cargo-mutants-unified-skills-m4-TBeIB2.tmp/target/debug/incremental -L dependency=/tmp/cargo-mutants-unified-skills-m4-TBeIB2.tmp/target/debug/deps --extern ed25519_dalek=/tmp/cargo-mutants-unified-skills-m4-TBeIB2.tmp/target/debug/deps/libed25519_dalek-70de15d1aeaaa0f5.rlib --extern rcx_registry_crown=/tmp/cargo-mutants-unified-skills-m4-TBeIB2.tmp/target/debug/deps/librcx_registry_crown-3672d7444462e740.rlib --extern rcx_registry_skills=/tmp/cargo-mutants-unified-skills-m4-TBeIB2.tmp/target/debug/deps/librcx_registry_skills-9917f32bc589d82d.rlib --extern reqwest=/tmp/cargo-mutants-unified-skills-m4-TBeIB2.tmp/target/debug/deps/libreqwest-2baf3e79fe44868d.rlib --extern serde=/tmp/cargo-mutants-unified-skills-m4-TBeIB2.tmp/target/debug/deps/libserde-3f292ac2dddda487.rlib --extern serde_json=/tmp/cargo-mutants-unified-skills-m4-TBeIB2.tmp/target/debug/deps/libserde_json-7fd61e939d1c4003.rlib --extern serde_yaml=/tmp/cargo-mutants-unified-skills-m4-TBeIB2.tmp/target/debug/deps/libserde_yaml-5b5d0904a2972f2c.rlib --extern sha2=/tmp/cargo-mutants-unified-skills-m4-TBeIB2.tmp/target/debug/deps/libsha2-b402ed9f1be72e5c.rlib --extern thiserror=/tmp/cargo-mutants-unified-skills-m4-TBeIB2.tmp/target/debug/deps/libthiserror-f696602292a77e2a.rlib -L native=/tmp/cargo-mutants-unified-skills-m4-TBeIB2.tmp/target/debug/build/blake3-c34afcd10fcfdfe4/out -L native=/tmp/cargo-mutants-unified-skills-m4-TBeIB2.tmp/target/debug/build/blake3-c34afcd10fcfdfe4/out -L native=/tmp/cargo-mutants-unified-skills-m4-TBeIB2.tmp/target/debug/build/ring-99691a876bfcb1b3/out`
     Running `/home/myles/.rustup/toolchains/1.93.0-x86_64-unknown-linux-gnu/bin/rustc --crate-name lockfile --edition=2021 crates/rcx-registry-skills/tests/lockfile.rs --error-format=json --json=diagnostic-rendered-ansi,artifacts,future-incompat --emit=dep-info,link -C embed-bitcode=no -C debuginfo=2 --test --check-cfg 'cfg(docsrs,test)' --check-cfg 'cfg(feature, values())' -C metadata=cc4bc2fbab148c94 -C extra-filename=-0b0f99abbfdbd022 --out-dir /tmp/cargo-mutants-unified-skills-m4-TBeIB2.tmp/target/debug/deps -C incremental=/tmp/cargo-mutants-unified-skills-m4-TBeIB2.tmp/target/debug/incremental -L dependency=/tmp/cargo-mutants-unified-skills-m4-TBeIB2.tmp/target/debug/deps --extern ed25519_dalek=/tmp/cargo-mutants-unified-skills-m4-TBeIB2.tmp/target/debug/deps/libed25519_dalek-70de15d1aeaaa0f5.rlib --extern rcx_registry_crown=/tmp/cargo-mutants-unified-skills-m4-TBeIB2.tmp/target/debug/deps/librcx_registry_crown-3672d7444462e740.rlib --extern rcx_registry_skills=/tmp/cargo-mutants-unified-skills-m4-TBeIB2.tmp/target/debug/deps/librcx_registry_skills-9917f32bc589d82d.rlib --extern reqwest=/tmp/cargo-mutants-unified-skills-m4-TBeIB2.tmp/target/debug/deps/libreqwest-2baf3e79fe44868d.rlib --extern serde=/tmp/cargo-mutants-unified-skills-m4-TBeIB2.tmp/target/debug/deps/libserde-3f292ac2dddda487.rlib --extern serde_json=/tmp/cargo-mutants-unified-skills-m4-TBeIB2.tmp/target/debug/deps/libserde_json-7fd61e939d1c4003.rlib --extern serde_yaml=/tmp/cargo-mutants-unified-skills-m4-TBeIB2.tmp/target/debug/deps/libserde_yaml-5b5d0904a2972f2c.rlib --extern sha2=/tmp/cargo-mutants-unified-skills-m4-TBeIB2.tmp/target/debug/deps/libsha2-b402ed9f1be72e5c.rlib --extern thiserror=/tmp/cargo-mutants-unified-skills-m4-TBeIB2.tmp/target/debug/deps/libthiserror-f696602292a77e2a.rlib -L native=/tmp/cargo-mutants-unified-skills-m4-TBeIB2.tmp/target/debug/build/blake3-c34afcd10fcfdfe4/out -L native=/tmp/cargo-mutants-unified-skills-m4-TBeIB2.tmp/target/debug/build/blake3-c34afcd10fcfdfe4/out -L native=/tmp/cargo-mutants-unified-skills-m4-TBeIB2.tmp/target/debug/build/ring-99691a876bfcb1b3/out`
warning: `rcx-registry-skills` (lib test) generated 4 warnings (4 duplicates)
    Finished `test` profile [unoptimized + debuginfo] target(s) in 0.77s
  Executable `/tmp/cargo-mutants-unified-skills-m4-TBeIB2.tmp/target/debug/deps/rcx_registry_skills-3107ac08ad7c479f`
  Executable `/tmp/cargo-mutants-unified-skills-m4-TBeIB2.tmp/target/debug/deps/fetch_live-c28d1e30e8bc4a0a`
  Executable `/tmp/cargo-mutants-unified-skills-m4-TBeIB2.tmp/target/debug/deps/lockfile-0b0f99abbfdbd022`
  Executable `/tmp/cargo-mutants-unified-skills-m4-TBeIB2.tmp/target/debug/deps/relock_live-c93b04c79a488cab`
  Executable `/tmp/cargo-mutants-unified-skills-m4-TBeIB2.tmp/target/debug/deps/signing-0eec55bbc20bcce8`
  Executable `/tmp/cargo-mutants-unified-skills-m4-TBeIB2.tmp/target/debug/deps/skill_uri-87a23946605edf3f`

*** result: Success

*** /home/myles/.rustup/toolchains/1.93.0-x86_64-unknown-linux-gnu/bin/cargo test --verbose --package=rcx-registry-skills@0.1.0 --all-targets
       Fresh unicode-ident v1.0.24
       Fresh shlex v1.3.0
       Fresh find-msvc-tools v0.1.9
       Fresh stable_deref_trait v1.2.1
       Fresh cfg-if v1.0.4
       Fresh itoa v1.0.18
       Fresh bytes v1.11.1
       Fresh pin-project-lite v0.2.17
       Fresh version_check v0.9.5
       Fresh futures-core v0.3.32
       Fresh zeroize v1.8.2
       Fresh litemap v0.8.2
       Fresh memchr v2.8.0
       Fresh futures-sink v0.3.32
       Fresh fnv v1.0.7
       Fresh smallvec v1.15.1
       Fresh typenum v1.20.0
       Fresh writeable v0.6.3
       Fresh proc-macro2 v1.0.106
       Fresh cc v1.2.60
       Fresh http v1.3.1
       Fresh subtle v2.6.1
       Fresh once_cell v1.21.4
       Fresh utf8_iter v1.0.4
       Fresh rustls-pki-types v1.14.0
       Fresh slab v0.4.12
       Fresh futures-task v0.3.32
       Fresh percent-encoding v2.3.2
       Fresh futures-io v0.3.32
       Fresh semver v1.0.28
       Fresh untrusted v0.9.0
       Fresh try-lock v0.2.5
       Fresh hashbrown v0.17.0
       Fresh tower-service v0.3.3
       Fresh quote v1.0.45
       Fresh libc v0.2.185
       Fresh serde_core v1.0.228
       Fresh http-body v1.0.1
       Fresh rustc_version v0.4.1
       Fresh icu_normalizer_data v2.2.0
       Fresh futures-util v0.3.32
       Fresh ryu v1.0.23
       Fresh equivalent v1.0.2
       Fresh want v0.3.1
       Fresh tracing-core v0.1.36
       Fresh futures-channel v0.3.32
       Fresh atomic-waker v1.1.2
       Fresh cpufeatures v0.2.17
       Fresh form_urlencoded v1.2.2
       Fresh sync_wrapper v1.0.2
       Fresh ipnet v2.12.0
       Fresh signature v2.2.0
       Fresh syn v2.0.117
       Fresh mio v1.2.0
       Fresh socket2 v0.6.3
       Fresh generic-array v0.14.7
       Fresh getrandom v0.2.17
       Fresh icu_properties_data v2.2.0
       Fresh indexmap v2.14.0
       Fresh httparse v1.10.1
       Fresh tracing v0.1.41
       Fresh tower-layer v0.3.3
       Fresh base64 v0.22.1
       Fresh ed25519 v2.2.3
       Fresh webpki-roots v1.0.7
       Fresh arrayvec v0.7.6
       Fresh constant_time_eq v0.3.1
       Fresh bitflags v2.11.1
       Fresh iri-string v0.7.12
       Fresh arrayref v0.3.9
       Fresh http-body-util v0.1.3
       Fresh half v2.4.1
       Fresh synstructure v0.13.2
       Fresh zerovec-derive v0.11.3
       Fresh displaydoc v0.2.5
       Fresh tokio v1.52.1
       Fresh serde_derive v1.0.228
       Fresh block-buffer v0.10.4
       Fresh ring v0.17.14
       Fresh crypto-common v0.1.7
       Fresh curve25519-dalek-derive v0.1.1
       Fresh thiserror-impl v2.0.12
       Fresh blake3 v1.5.1
       Fresh log v0.4.29
       Fresh unsafe-libyaml v0.2.11
       Fresh hex v0.4.3
       Fresh zerofrom-derive v0.1.7
       Fresh yoke-derive v0.8.2
       Fresh serde v1.0.228
       Fresh digest v0.10.7
       Fresh rustls-webpki v0.103.12
       Fresh hyper v1.9.0
       Fresh tower v0.5.2
       Fresh thiserror v2.0.12
       Fresh zerofrom v0.1.7
       Fresh rustls v0.23.38
       Fresh hyper-util v0.1.20
       Fresh sha2 v0.10.9
       Fresh serde_json v1.0.139
       Fresh curve25519-dalek v4.1.3
       Fresh serde_urlencoded v0.7.1
       Fresh tower-http v0.6.8
       Fresh serde_yaml v0.9.34+deprecated
       Fresh yoke v0.8.2
       Fresh tokio-rustls v0.26.4
       Fresh ed25519-dalek v2.1.1
       Fresh zerovec v0.11.6
       Fresh zerotrie v0.2.4
       Fresh hyper-rustls v0.27.9
       Fresh rcx-registry-crown v0.1.0 (/tmp/cargo-mutants-unified-skills-m4-TBeIB2.tmp/crates/rcx-registry-crown)
       Fresh tinystr v0.8.3
       Fresh potential_utf v0.1.5
       Fresh icu_locale_core v2.2.0
       Fresh icu_collections v2.2.0
       Fresh icu_provider v2.2.0
       Fresh icu_normalizer v2.2.0
       Fresh icu_properties v2.2.0
       Fresh idna_adapter v1.2.1
       Fresh idna v1.1.0
       Fresh url v2.5.4
       Fresh reqwest v0.12.28
warning: unused imports: `CrownError` and `verify_receipt_signature`
  --> crates/rcx-registry-skills/src/sign.rs:21:46
   |
21 |     canonicalize_json, snapshot_merkle_root, verify_receipt_signature, CrownError, ReceiptDocument,
   |                                              ^^^^^^^^^^^^^^^^^^^^^^^^  ^^^^^^^^^^
   |
   = note: `#[warn(unused_imports)]` (part of `#[warn(unused)]`) on by default

warning: unused variable: `lock`
   --> crates/rcx-registry-skills/src/sign.rs:146:5
    |
146 |     lock: &SkillLock,
    |     ^^^^ help: if this is intentional, prefix it with an underscore: `_lock`
    |
    = note: `#[warn(unused_variables)]` (part of `#[warn(unused)]`) on by default

warning: unused variable: `receipt`
   --> crates/rcx-registry-skills/src/sign.rs:147:5
    |
147 |     receipt: &SkillSnapshotReceipt,
    |     ^^^^^^^ help: if this is intentional, prefix it with an underscore: `_receipt`

warning: unused variable: `public_key`
   --> crates/rcx-registry-skills/src/sign.rs:148:5
    |
148 |     public_key: &[u8],
    |     ^^^^^^^^^^ help: if this is intentional, prefix it with an underscore: `_public_key`

warning: `rcx-registry-skills` (lib) generated 4 warnings (run `cargo fix --lib -p rcx-registry-skills` to apply 4 suggestions)
warning: `rcx-registry-skills` (lib test) generated 4 warnings (4 duplicates)
       Fresh rcx-registry-skills v0.1.0 (/tmp/cargo-mutants-unified-skills-m4-TBeIB2.tmp/crates/rcx-registry-skills)
    Finished `test` profile [unoptimized + debuginfo] target(s) in 0.06s
     Running `/tmp/cargo-mutants-unified-skills-m4-TBeIB2.tmp/target/debug/deps/rcx_registry_skills-3107ac08ad7c479f`

running 23 tests
test fetch::tests::parse_commit_sha_accepts_a_real_response ... ok
test fetch::tests::raw_url_falls_back_to_head_for_an_unpinned_entry ... ok
test fetch::tests::is_clean_tracks_mismatches ... ok
test fetch::tests::relocking_an_unpinned_lockfile_stays_unsignable ... ok
test fetch::tests::parse_commit_sha_rejects_anything_else ... ok
test fetch::tests::corrupted_digest_fails_closed ... ok
test fetch::tests::corrupted_bytes_fail_closed ... ok
test lock::tests::len_and_is_empty_agree ... ok
test lock::tests::keys_serialise_sorted_regardless_of_insertion_order ... ok
test fetch::tests::empty_content_does_not_verify_against_a_real_hash ... ok
test fetch::tests::verifies_matching_bytes ... ok
test fetch::tests::relock_pins_observed_digests_and_drops_unfetchable ... ok
test fetch::tests::raw_url_pins_the_commit_when_the_entry_has_one ... ok
test fetch::tests::verified_count_counts_only_matching_entries ... ok
test lock::tests::rejects_malformed_hashes ... ok
test lock::tests::rejects_unsupported_source_type ... ok
test lock::tests::round_trip_is_byte_exact ... ok
test skill::tests::frontmatter_ending_at_eof_still_parses ... ok
test skill::tests::discovery_description_truncates_on_char_boundaries ... ok
test skill::tests::accepts_bom_and_crlf ... ok
test skill::tests::parses_frontmatter_and_body ... ok
test skill::tests::rejects_missing_and_unterminated_frontmatter ... ok
test skill::tests::preserves_unmodelled_keys ... ok

test result: ok. 23 passed; 0 failed; 0 ignored; 0 measured; 0 filtered out; finished in 0.00s

     Running `/tmp/cargo-mutants-unified-skills-m4-TBeIB2.tmp/target/debug/deps/fetch_live-c28d1e30e8bc4a0a`

running 1 test
test every_locked_skill_fetches_and_verifies ... ignored, network: 390 requests to raw.githubusercontent.com

test result: ok. 0 passed; 0 failed; 1 ignored; 0 measured; 0 filtered out; finished in 0.00s

     Running `/tmp/cargo-mutants-unified-skills-m4-TBeIB2.tmp/target/debug/deps/lockfile-0b0f99abbfdbd022`

running 5 tests
test real_lockfile_parses ... ok
test real_lockfile_round_trips_byte_identically ... ok
test every_entry_is_a_supported_source ... ok
test round_trip_is_stable_across_two_passes ... ok
test a_single_corrupted_hash_fails_closed ... ok

test result: ok. 5 passed; 0 failed; 0 ignored; 0 measured; 0 filtered out; finished in 0.00s

     Running `/tmp/cargo-mutants-unified-skills-m4-TBeIB2.tmp/target/debug/deps/relock_live-c93b04c79a488cab`

running 1 test
test a_relocked_lockfile_reverifies_completely ... ignored, network: GitHub API + raw content

test result: ok. 0 passed; 0 failed; 1 ignored; 0 measured; 0 filtered out; finished in 0.00s

     Running `/tmp/cargo-mutants-unified-skills-m4-TBeIB2.tmp/target/debug/deps/signing-0eec55bbc20bcce8`

running 18 tests
test a_ref_that_is_not_a_full_commit_id_cannot_be_signed ... ok
test one_unpinned_entry_blocks_the_whole_lockfile ... ok
test a_v1_lockfile_cannot_be_signed ... ok
test receipt_hash_ignores_the_receipt_envelope_fields ... ok
test an_empty_lockfile_cannot_be_signed ... ok
test a_receipt_signed_by_the_wrong_key_is_rejected ... FAILED
test a_flipped_content_hash_fails_verification ... FAILED
test a_mutated_receipt_body_is_rejected ... FAILED
test a_back_dated_timestamp_breaks_the_signature ... FAILED
test two_runs_with_the_same_inputs_are_identical ... ok
test the_root_is_reproducible_across_independent_constructions ... ok
test a_signed_lockfile_verifies ... ok
test a_validly_signed_receipt_for_another_lockfile_is_rejected ... FAILED
test every_identifying_field_changes_the_root ... ok
test the_signing_preimage_is_the_cbor_body_not_the_receipt_hash ... ok
test a_wrong_skill_count_alone_is_rejected ... FAILED
test a_wrong_lock_version_alone_is_rejected ... FAILED
test the_timestamp_never_reaches_the_merkle_root ... ok

failures:

---- a_receipt_signed_by_the_wrong_key_is_rejected stdout ----

thread 'a_receipt_signed_by_the_wrong_key_is_rejected' (80273) panicked at crates/rcx-registry-skills/tests/signing.rs:354:5:
assertion failed: verify_lock_receipt(&lock, &receipt,
        &real.verifying_key().to_bytes()).is_err()
note: run with `RUST_BACKTRACE=1` environment variable to display a backtrace

---- a_flipped_content_hash_fails_verification stdout ----

thread 'a_flipped_content_hash_fails_verification' (80271) panicked at crates/rcx-registry-skills/tests/signing.rs:280:5:
a single flipped byte in any computedHash must fail verification

---- a_mutated_receipt_body_is_rejected stdout ----

thread 'a_mutated_receipt_body_is_rejected' (80272) panicked at crates/rcx-registry-skills/tests/signing.rs:364:5:
assertion failed: verify_lock_receipt(&lock, &receipt, &key.verifying_key().to_bytes()).is_err()

---- a_back_dated_timestamp_breaks_the_signature stdout ----

thread 'a_back_dated_timestamp_breaks_the_signature' (80270) panicked at crates/rcx-registry-skills/tests/signing.rs:194:5:
rewriting signed_at_ms must invalidate the receipt

---- a_validly_signed_receipt_for_another_lockfile_is_rejected stdout ----

thread 'a_validly_signed_receipt_for_another_lockfile_is_rejected' (80277) panicked at crates/rcx-registry-skills/tests/signing.rs:301:10:
must reject: ()

---- a_wrong_skill_count_alone_is_rejected stdout ----

thread 'a_wrong_skill_count_alone_is_rejected' (80279) panicked at crates/rcx-registry-skills/tests/signing.rs:327:10:
a re-signed receipt with the wrong count must still be rejected: ()

---- a_wrong_lock_version_alone_is_rejected stdout ----

thread 'a_wrong_lock_version_alone_is_rejected' (80278) panicked at crates/rcx-registry-skills/tests/signing.rs:343:10:
a re-signed receipt for another lock version must be rejected: ()


failures:
    a_back_dated_timestamp_breaks_the_signature
    a_flipped_content_hash_fails_verification
    a_mutated_receipt_body_is_rejected
    a_receipt_signed_by_the_wrong_key_is_rejected
    a_validly_signed_receipt_for_another_lockfile_is_rejected
    a_wrong_lock_version_alone_is_rejected
    a_wrong_skill_count_alone_is_rejected

test result: FAILED. 11 passed; 7 failed; 0 ignored; 0 measured; 0 filtered out; finished in 0.00s

error: test failed, to rerun pass `-p rcx-registry-skills --test signing`

*** result: Failure(101)
